// Jest Snapshot v1, https://goo.gl/fbAQLP

exports[`Image model 1`] = `
Object {
  "large": "large.gif",
  "medium": "medium_test.jpg",
  "name": "test",
  "small": "test_samall.png",
}
`;
